// Jest Snapshot v1, https://goo.gl/fbAQLP

exports[`Async rendering renders our initial state 1`] = `
"<div data-reactroot=\\"\\">
    <h1>Async Test</h1>
    <div><span>Loading user</span><button disabled=\\"\\" id=\\"initiated-get-user-button\\">Get next user</button></div>
    <div><span>Haven&#x27;t initiated getting new user</span><button id=\\"uninitiated-get-user-button\\">Initiate Get User for ID:
            <!-- -->0</button></div>
</div>"
`;
